<html>
<body>
<pre>
<h1>礦ision Build Log</h1>
<h2>Tool Versions:</h2>
IDE-Version: μVision V5.14.0.0
Copyright (C) 2015 ARM Ltd and ARM Germany GmbH. All rights reserved.
License Information: asdf asdf, asdf, LIC=VGX30-BDXPF-4S7Y4-F3C7N-1VVYL-MG1CS
 
Tool Versions:
Toolchain:       MDK-ARM Standard  Version: 5.14.0.0
Toolchain Path:  F:\Keil_v5\ARM\ARMCC\Bin
C Compiler:      Armcc.exe V5.05 update 1 (build 106)
Assembler:       Armasm.exe V5.05 update 1 (build 106)
Linker/Locator:  ArmLink.exe V5.05 update 1 (build 106)
Library Manager: ArmAr.exe V5.05 update 1 (build 106)
Hex Converter:   FromElf.exe V5.05 update 1 (build 106)
CPU DLL:         SARMCM3.DLL V5.14.0.0
Dialog DLL:      DCM.DLL V1.13.1.0
Target DLL:      Segger\JL2CM3.dll V2.99.13.0
Dialog DLL:      TCM.DLL V1.14.4.0
 
<h2>Project:</h2>
H:\SHARE\垃圾文件\光盘\整理的光盘20151206_51B未测试\STM32F103试验箱开发平台\03_程序文档\C实验\stm32F103_综合测试20151011_装机版\USER\TOUCH.uvprojx
Project File Date:  12/08/2015

<h2>Output:</h2>
Build target 'Target 1'
compiling main.c...
..\HARDWARE\DC_MOTOR\DC_motor.h(11): warning:  #1-D: last line of file ends without a newline
  #endif
..\HARDWARE\STEP_MOTOR\step_motor.h(38): warning:  #1-D: last line of file ends without a newline
  #endif
..\HARDWARE\ACC_GAS_PRE\bmp085.h(25): warning:  #1295-D: Deprecated declaration bmp085Convert - give arg types
  void bmp085Convert();
..\HARDWARE\ACC_GAS_PRE\bmp085.h(28): warning:  #1295-D: Deprecated declaration DATA_Diplay - give arg types
  void DATA_Diplay();
..\HARDWARE\ACC_GAS_PRE\bmp085.h(33): warning:  #1295-D: Deprecated declaration I2C_Start - give arg types
  void I2C_Start();
..\HARDWARE\ACC_GAS_PRE\bmp085.h(34): warning:  #1295-D: Deprecated declaration I2C_Stop - give arg types
  void I2C_Stop();
..\HARDWARE\ACC_GAS_PRE\bmp085.h(36): warning:  #1295-D: Deprecated declaration I2C_RecvACK - give arg types
  char I2C_RecvACK();
..\HARDWARE\ACC_GAS_PRE\bmp085.h(45): warning:  #1-D: last line of file ends without a newline
  #endif
..\HARDWARE\DIP\Dot_Matrix.h(71): warning:  #1-D: last line of file ends without a newline
  #endif
main.c(136): warning:  #111-D: statement is unreachable
        LCD_Clear(BLACK);
main.c(165): warning:  #223-D: function "GAS_Test" declared implicitly
                GAS_Test();
main.c(166): warning:  #223-D: function "HUMAN_Test" declared implicitly
                HUMAN_Test();           
main.c(175): warning:  #223-D: function "RFID_Test" declared implicitly
        RFID_Test();                              //STEP4: RFID test                    
main.c(220): warning:  #223-D: function "BMP085_Test" declared implicitly
                BMP085_Test();
main.c: 14 warnings, 0 errors
linking...
Program Size: Code=28778 RO-data=3122 RW-data=404 ZI-data=2444  
FromELF: creating hex file...
"..\OBJ\F103.axf" - 0 Error(s), 14 Warning(s).

<h2>Software Packages used:</h2>

Package Vendor: ARM
                http://www.keil.com/pack/ARM.CMSIS.4.3.0.pack
                ARM::CMSIS:CORE:4.1.0
                CMSIS (Cortex Microcontroller Software Interface Standard)
   * Component: CORE Version: 4.1.0

<h2>Collection of Component include folders:</h2>
  H:\SHARE\垃圾文件\光盘\整理的光盘20151206_51B未测试\STM32F103试验箱开发平台\03_程序文档\C实验\stm32F103_综合测试20151011_装机版\USER\RTE
  F:\Keil_v5\ARM\PACK\ARM\CMSIS\4.3.0\CMSIS\Include
  F:\Keil_v5\ARM\PACK\Keil\STM32F1xx_DFP\2.0.0

<h2>Collection of Component Files used:</h2>

   * Component: ARM::CMSIS:CORE:4.1.0
</pre>
</body>
</html>
